2025-11-21 11:01:51:5151 : | info | "GET /admin/tiers - API execution started. userId=68c8351b1eee63d9c051fc7e" |
2025-11-21 11:01:51:5151 : | info | "GET /admin/tiers - Tier counts computed." |
2025-11-21 11:02:51:5151 : | info | "GET /admin/tiers - API execution started. userId=68c8351b1eee63d9c051fc7e" |
2025-11-21 11:02:51:5151 : | info | "GET /admin/tiers - Tier counts computed." |
2025-11-21 11:03:01:011 : | info | "GET /admin/tiers - API execution started. userId=68c8351b1eee63d9c051fc7e" |
2025-11-21 11:03:01:011 : | info | "GET /admin/tiers - Tier counts computed." |
2025-11-21 11:03:40:4040 : | info | "GET /admin/tiers - API execution started. userId=68c8351b1eee63d9c051fc7e" |
2025-11-21 11:03:40:4040 : | info | "GET /admin/tiers - Tier counts computed." |
2025-11-21 11:05:10:1010 : | info | "GET /admin/tiers - API execution started. userId=68c8351b1eee63d9c051fc7e" |
2025-11-21 11:05:10:1010 : | info | "GET /admin/tiers - Tier counts computed." |
2025-11-21 11:05:18:1818 : | info | "POST /admin/tiers - API execution started. userId=68c8351b1eee63d9c051fc7e tier=Kindness Ambassador" |
2025-11-21 11:05:18:1818 : | info | "POST /admin/tiers - Found 3 users for tier=Kindness Ambassador" |
2025-11-21 11:06:58:5858 : | info | "GET /admin/tiers - API execution started. userId=68c8351b1eee63d9c051fc7e" |
2025-11-21 11:06:58:5858 : | info | "GET /admin/tiers - Tier counts computed." |
2025-11-21 11:07:40:4040 : | info | "POST /admin/tiers - API execution started. userId=68c8351b1eee63d9c051fc7e tier=Kindness Ambassador" |
2025-11-21 11:07:40:4040 : | info | "POST /admin/tiers - Found 3 users for tier=Kindness Ambassador" |
2025-11-21 12:45:04:044 : | info | "POST /admin/tiers - API execution started. userId=68c8351b1eee63d9c051fc7e tier=Kindness Ambassador" |
2025-11-21 12:45:04:044 : | info | "POST /admin/tiers - Found 3 users for tier=Kindness Ambassador" |
2025-11-21 14:35:20:2020 : | info | "GET /volunteers - API execution started." |
2025-11-21 14:35:20:2020 : | info | "GET /volunteers - Response sent successfully." |
2025-11-21 14:35:20:2020 : | info | "GET /volunteers - Retrieved 3 volunteer record(s)." |
2025-11-21 14:35:23:2323 : | info | "GET /volunteers - API execution started." |
2025-11-21 14:35:23:2323 : | info | "GET /volunteers - Retrieved 3 volunteer record(s)." |
2025-11-21 14:35:23:2323 : | info | "GET /volunteers - Response sent successfully." |
2025-11-21 14:35:33:3333 : | info | "GET /volunteers - API execution started." |
2025-11-21 14:35:33:3333 : | info | "GET /volunteers - Retrieved 3 volunteer record(s)." |
2025-11-21 14:35:33:3333 : | info | "GET /volunteers - Response sent successfully." |
2025-11-21 14:36:07:077 : | info | "GET /volunteers - API execution started." |
2025-11-21 14:36:07:077 : | info | "GET /volunteers - Retrieved 3 volunteer record(s)." |
2025-11-21 14:36:07:077 : | info | "GET /volunteers - Response sent successfully." |
2025-11-21 14:36:13:1313 : | info | "GET /volunteers - API execution started." |
2025-11-21 14:36:13:1313 : | info | "GET /volunteers - Retrieved 3 volunteer record(s)." |
2025-11-21 14:36:13:1313 : | info | "GET /volunteers - Response sent successfully." |
2025-11-21 14:36:40:4040 : | info | "GET /volunteers - API execution started." |
2025-11-21 14:36:40:4040 : | info | "GET /volunteers - Retrieved 3 volunteer record(s)." |
2025-11-21 14:36:40:4040 : | info | "GET /volunteers - Response sent successfully." |
2025-11-21 14:38:20:2020 : | info | "GET /admin/tiers - Tier counts computed." |
2025-11-21 14:38:27:2727 : | info | "GET /admin/tiers - Tier counts computed." |
2025-11-21 14:39:25:2525 : | info | "GET /admin/tiers - Tier counts computed." |
2025-11-21 14:39:31:3131 : | info | "GET /admin/tiers - Tier counts computed." |
